21:13:34 **** Incremental Build of configuration Debug for project led_driver ****
make -j4 all 
arm-none-eabi-gcc "../Src/led.c" -mcpu=cortex-m4 -std=gnu11 -g3 -DDEBUG -DSTM32 -DSTM32F407G_DISC1 -DSTM32F4 -DSTM32F407VGTx -DSTM32F407xx -c -I../Inc -I"C:/Users/juanp/OneDrive/Documentos/RTOS_STM32_f407(M4)_GCC/led_driver/chip_headers/CMSIS/Include" -I"C:/Users/juanp/OneDrive/Documentos/RTOS_STM32_f407(M4)_GCC/led_driver/chip_headers/CMSIS/Device/ST/STM32F4xx/Include" -O0 -ffunction-sections -fdata-sections -Wall -fstack-usage -fcyclomatic-complexity -MMD -MP -MF"Src/led.d" -MT"Src/led.o" --specs=nano.specs -mfpu=fpv4-sp-d16 -mfloat-abi=hard -mthumb -o "Src/led.o"
arm-none-eabi-gcc -o "led_driver.elf" @"objects.list"   -mcpu=cortex-m4 -T"C:\Users\juanp\OneDrive\Documentos\RTOS_STM32_f407(M4)_GCC\led_driver\STM32F407VGTX_FLASH.ld" --specs=nosys.specs -Wl,-Map="led_driver.map" -Wl,--gc-sections -static --specs=nano.specs -mfpu=fpv4-sp-d16 -mfloat-abi=hard -mthumb -Wl,--start-group -lc -lm -Wl,--end-group
Finished building target: led_driver.elf
 
arm-none-eabi-size  led_driver.elf 
arm-none-eabi-objdump -h -S led_driver.elf  > "led_driver.list"
   text	   data	    bss	    dec	    hex	filename
    832	      0	   1568	   2400	    960	led_driver.elf
Finished building: default.size.stdout
 
Finished building: led_driver.list
 
21:13:39 **** Incremental Build of configuration Debug for project led_driver ****
make -j4 all 
arm-none-eabi-size  led_driver.elf 
   text	   data	    bss	    dec	    hex	filename
    832	      0	   1568	   2400	    960	led_driver.elf
Finished building: default.size.stdout
 
